[     106ms] [INFO] %cDownload the React DevTools for a better development experience: https://react.dev/link/react-devtools font-weight:bold @ http://localhost:3000/_next/static/chunks/node_modules_next_dist_f3530cac._.js:2297
[     114ms] [LOG] [HMR] connected @ http://localhost:3000/_next/static/chunks/node_modules_next_dist_f3530cac._.js:2297
[     195ms] [ERROR] Failed to load resource: net::ERR_FAILED @ https://xbpbtvhcujbfncfz2kl3idjgla.appsync-api.eu-west-2.amazonaws.com/graphql:0
[     195ms] [ERROR] Failed to load resource: net::ERR_FAILED @ https://xbpbtvhcujbfncfz2kl3idjgla.appsync-api.eu-west-2.amazonaws.com/graphql:0
[     198ms] [ERROR] Failed to load resource: net::ERR_FAILED @ https://xbpbtvhcujbfncfz2kl3idjgla.appsync-api.eu-west-2.amazonaws.com/graphql:0
[     427ms] [ERROR] Failed to load resource: net::ERR_FAILED @ https://xbpbtvhcujbfncfz2kl3idjgla.appsync-api.eu-west-2.amazonaws.com/graphql:0
[     441ms] [ERROR] Failed to load resource: net::ERR_FAILED @ https://xbpbtvhcujbfncfz2kl3idjgla.appsync-api.eu-west-2.amazonaws.com/graphql:0
[     469ms] [ERROR] Failed to load resource: net::ERR_FAILED @ https://xbpbtvhcujbfncfz2kl3idjgla.appsync-api.eu-west-2.amazonaws.com/graphql:0
[     863ms] [ERROR] Failed to load resource: net::ERR_FAILED @ https://xbpbtvhcujbfncfz2kl3idjgla.appsync-api.eu-west-2.amazonaws.com/graphql:0
[     896ms] [ERROR] Failed to load resource: net::ERR_FAILED @ https://xbpbtvhcujbfncfz2kl3idjgla.appsync-api.eu-west-2.amazonaws.com/graphql:0
[     925ms] [ERROR] Failed to load resource: net::ERR_FAILED @ https://xbpbtvhcujbfncfz2kl3idjgla.appsync-api.eu-west-2.amazonaws.com/graphql:0
[    1869ms] [ERROR] Failed to load resource: net::ERR_FAILED @ https://xbpbtvhcujbfncfz2kl3idjgla.appsync-api.eu-west-2.amazonaws.com/graphql:0
[    1900ms] [ERROR] Failed to load resource: net::ERR_FAILED @ https://xbpbtvhcujbfncfz2kl3idjgla.appsync-api.eu-west-2.amazonaws.com/graphql:0
[    1929ms] [ERROR] Failed to load resource: net::ERR_FAILED @ https://xbpbtvhcujbfncfz2kl3idjgla.appsync-api.eu-west-2.amazonaws.com/graphql:0
[    2117ms] [ERROR] Failed to load resource: net::ERR_FAILED @ https://xbpbtvhcujbfncfz2kl3idjgla.appsync-api.eu-west-2.amazonaws.com/graphql:0
[    2180ms] [ERROR] Failed to load resource: net::ERR_FAILED @ https://xbpbtvhcujbfncfz2kl3idjgla.appsync-api.eu-west-2.amazonaws.com/graphql:0
[    2198ms] [ERROR] Failed to load resource: net::ERR_FAILED @ https://xbpbtvhcujbfncfz2kl3idjgla.appsync-api.eu-west-2.amazonaws.com/graphql:0
[    2544ms] [ERROR] Failed to load resource: net::ERR_FAILED @ https://xbpbtvhcujbfncfz2kl3idjgla.appsync-api.eu-west-2.amazonaws.com/graphql:0
[    2632ms] [ERROR] Failed to load resource: net::ERR_FAILED @ https://xbpbtvhcujbfncfz2kl3idjgla.appsync-api.eu-west-2.amazonaws.com/graphql:0
[    2649ms] [ERROR] Failed to load resource: net::ERR_FAILED @ https://xbpbtvhcujbfncfz2kl3idjgla.appsync-api.eu-west-2.amazonaws.com/graphql:0
[   31375ms] [INFO] %cDownload the React DevTools for a better development experience: https://react.dev/link/react-devtools font-weight:bold @ http://localhost:3000/_next/static/chunks/node_modules_next_dist_f3530cac._.js:2297
[   31386ms] [LOG] [HMR] connected @ http://localhost:3000/_next/static/chunks/node_modules_next_dist_f3530cac._.js:2297
[   35026ms] [ERROR] Failed to load resource: net::ERR_FAILED @ https://xbpbtvhcujbfncfz2kl3idjgla.appsync-api.eu-west-2.amazonaws.com/graphql:0
[   35241ms] [ERROR] Failed to load resource: net::ERR_FAILED @ https://xbpbtvhcujbfncfz2kl3idjgla.appsync-api.eu-west-2.amazonaws.com/graphql:0
[   35659ms] [ERROR] Failed to load resource: net::ERR_FAILED @ https://xbpbtvhcujbfncfz2kl3idjgla.appsync-api.eu-west-2.amazonaws.com/graphql:0
[   36664ms] [ERROR] Failed to load resource: net::ERR_FAILED @ https://xbpbtvhcujbfncfz2kl3idjgla.appsync-api.eu-west-2.amazonaws.com/graphql:0
[   36900ms] [ERROR] Failed to load resource: net::ERR_FAILED @ https://xbpbtvhcujbfncfz2kl3idjgla.appsync-api.eu-west-2.amazonaws.com/graphql:0
[  119424ms] [LOG] [Fast Refresh] rebuilding @ http://localhost:3000/_next/static/chunks/node_modules_next_dist_f3530cac._.js:2297
[  119549ms] [LOG] [Fast Refresh] done in 199ms @ http://localhost:3000/_next/static/chunks/node_modules_next_dist_f3530cac._.js:2297
[  124840ms] [INFO] %cDownload the React DevTools for a better development experience: https://react.dev/link/react-devtools font-weight:bold @ http://localhost:3000/_next/static/chunks/node_modules_next_dist_f3530cac._.js:2297
[  124849ms] [LOG] [HMR] connected @ http://localhost:3000/_next/static/chunks/node_modules_next_dist_f3530cac._.js:2297
[  128050ms] [ERROR] Failed to load resource: net::ERR_FAILED @ https://xbpbtvhcujbfncfz2kl3idjgla.appsync-api.eu-west-2.amazonaws.com/graphql:0
[  128303ms] [ERROR] Failed to load resource: net::ERR_FAILED @ https://xbpbtvhcujbfncfz2kl3idjgla.appsync-api.eu-west-2.amazonaws.com/graphql:0
[  128796ms] [ERROR] Failed to load resource: net::ERR_FAILED @ https://xbpbtvhcujbfncfz2kl3idjgla.appsync-api.eu-west-2.amazonaws.com/graphql:0
[  129801ms] [ERROR] Failed to load resource: net::ERR_FAILED @ https://xbpbtvhcujbfncfz2kl3idjgla.appsync-api.eu-west-2.amazonaws.com/graphql:0
[  146546ms] [LOG] [Fast Refresh] rebuilding @ http://localhost:3000/_next/static/chunks/node_modules_next_dist_f3530cac._.js:2297
[  146572ms] [LOG] [Fast Refresh] done in 43ms @ http://localhost:3000/_next/static/chunks/node_modules_next_dist_f3530cac._.js:2297
[  149967ms] [INFO] %cDownload the React DevTools for a better development experience: https://react.dev/link/react-devtools font-weight:bold @ http://localhost:3000/_next/static/chunks/node_modules_next_dist_f3530cac._.js:2297
[  149975ms] [LOG] [HMR] connected @ http://localhost:3000/_next/static/chunks/node_modules_next_dist_f3530cac._.js:2297
[  153229ms] [LOG] [DIAG] handleSearch query= nonexistent_user_xyz @ http://localhost:3000/_next/static/chunks/node_modules_next_dist_f3530cac._.js:2297
[  166114ms] [INFO] %cDownload the React DevTools for a better development experience: https://react.dev/link/react-devtools font-weight:bold @ http://localhost:3000/_next/static/chunks/node_modules_next_dist_f3530cac._.js:2297
[  166125ms] [LOG] [HMR] connected @ http://localhost:3000/_next/static/chunks/node_modules_next_dist_f3530cac._.js:2297
[  169919ms] [LOG] [DIAG] handleSearch query= nonexistent_user_xyz @ http://localhost:3000/_next/static/chunks/node_modules_next_dist_f3530cac._.js:2297
[  169923ms] [ERROR] Failed to load resource: net::ERR_FAILED @ https://xbpbtvhcujbfncfz2kl3idjgla.appsync-api.eu-west-2.amazonaws.com/graphql:0
[  170138ms] [ERROR] Failed to load resource: net::ERR_FAILED @ https://xbpbtvhcujbfncfz2kl3idjgla.appsync-api.eu-west-2.amazonaws.com/graphql:0
[  170546ms] [ERROR] Failed to load resource: net::ERR_FAILED @ https://xbpbtvhcujbfncfz2kl3idjgla.appsync-api.eu-west-2.amazonaws.com/graphql:0
[  171552ms] [ERROR] Failed to load resource: net::ERR_FAILED @ https://xbpbtvhcujbfncfz2kl3idjgla.appsync-api.eu-west-2.amazonaws.com/graphql:0
[  171828ms] [ERROR] Failed to load resource: net::ERR_FAILED @ https://xbpbtvhcujbfncfz2kl3idjgla.appsync-api.eu-west-2.amazonaws.com/graphql:0
[  172304ms] [ERROR] Failed to load resource: net::ERR_FAILED @ https://xbpbtvhcujbfncfz2kl3idjgla.appsync-api.eu-west-2.amazonaws.com/graphql:0
[  172304ms] [LOG] [DIAG] search onError: undefined {data: Object, errors: Array(1)} @ http://localhost:3000/_next/static/chunks/node_modules_next_dist_f3530cac._.js:2297
[  177419ms] [LOG] [Fast Refresh] rebuilding @ http://localhost:3000/_next/static/chunks/node_modules_next_dist_f3530cac._.js:2297
[  177446ms] [LOG] [Fast Refresh] done in 31ms @ http://localhost:3000/_next/static/chunks/node_modules_next_dist_f3530cac._.js:2297
[  181351ms] [INFO] %cDownload the React DevTools for a better development experience: https://react.dev/link/react-devtools font-weight:bold @ http://localhost:3000/_next/static/chunks/node_modules_next_dist_f3530cac._.js:2297
[  181360ms] [LOG] [HMR] connected @ http://localhost:3000/_next/static/chunks/node_modules_next_dist_f3530cac._.js:2297
[  184353ms] [ERROR] Failed to load resource: net::ERR_FAILED @ https://xbpbtvhcujbfncfz2kl3idjgla.appsync-api.eu-west-2.amazonaws.com/graphql:0
[  184577ms] [ERROR] Failed to load resource: net::ERR_FAILED @ https://xbpbtvhcujbfncfz2kl3idjgla.appsync-api.eu-west-2.amazonaws.com/graphql:0
[  185037ms] [ERROR] Failed to load resource: net::ERR_FAILED @ https://xbpbtvhcujbfncfz2kl3idjgla.appsync-api.eu-west-2.amazonaws.com/graphql:0
[  204556ms] [INFO] %cDownload the React DevTools for a better development experience: https://react.dev/link/react-devtools font-weight:bold @ http://localhost:3000/_next/static/chunks/node_modules_next_dist_f3530cac._.js:2297
[  204567ms] [LOG] [HMR] connected @ http://localhost:3000/_next/static/chunks/node_modules_next_dist_f3530cac._.js:2297
[  207308ms] [ERROR] Failed to load resource: net::ERR_FAILED @ https://xbpbtvhcujbfncfz2kl3idjgla.appsync-api.eu-west-2.amazonaws.com/graphql:0
[  207574ms] [ERROR] Failed to load resource: net::ERR_FAILED @ https://xbpbtvhcujbfncfz2kl3idjgla.appsync-api.eu-west-2.amazonaws.com/graphql:0
[  208044ms] [ERROR] Failed to load resource: net::ERR_FAILED @ https://xbpbtvhcujbfncfz2kl3idjgla.appsync-api.eu-west-2.amazonaws.com/graphql:0
[  261484ms] [INFO] %cDownload the React DevTools for a better development experience: https://react.dev/link/react-devtools font-weight:bold @ http://localhost:3000/_next/static/chunks/node_modules_next_dist_f3530cac._.js:2297
[  261495ms] [LOG] [HMR] connected @ http://localhost:3000/_next/static/chunks/node_modules_next_dist_f3530cac._.js:2297
[  265351ms] [ERROR] Failed to load resource: net::ERR_FAILED @ https://xbpbtvhcujbfncfz2kl3idjgla.appsync-api.eu-west-2.amazonaws.com/graphql:0
[  265623ms] [ERROR] Failed to load resource: net::ERR_FAILED @ https://xbpbtvhcujbfncfz2kl3idjgla.appsync-api.eu-west-2.amazonaws.com/graphql:0
[  266120ms] [ERROR] Failed to load resource: net::ERR_FAILED @ https://xbpbtvhcujbfncfz2kl3idjgla.appsync-api.eu-west-2.amazonaws.com/graphql:0
[  267128ms] [ERROR] Failed to load resource: net::ERR_FAILED @ https://xbpbtvhcujbfncfz2kl3idjgla.appsync-api.eu-west-2.amazonaws.com/graphql:0
[  267427ms] [ERROR] Failed to load resource: net::ERR_FAILED @ https://xbpbtvhcujbfncfz2kl3idjgla.appsync-api.eu-west-2.amazonaws.com/graphql:0
[  289769ms] [LOG] [Fast Refresh] rebuilding @ http://localhost:3000/_next/static/chunks/node_modules_next_dist_f3530cac._.js:2297
[  289799ms] [LOG] [Fast Refresh] done in 75ms @ http://localhost:3000/_next/static/chunks/node_modules_next_dist_f3530cac._.js:2297
[  299161ms] [INFO] %cDownload the React DevTools for a better development experience: https://react.dev/link/react-devtools font-weight:bold @ http://localhost:3000/_next/static/chunks/node_modules_next_dist_f3530cac._.js:2297
[  299172ms] [LOG] [HMR] connected @ http://localhost:3000/_next/static/chunks/node_modules_next_dist_f3530cac._.js:2297
[  327431ms] [LOG] [Fast Refresh] rebuilding @ http://localhost:3000/_next/static/chunks/node_modules_next_dist_f3530cac._.js:2297
[  327461ms] [LOG] [Fast Refresh] done in 31ms @ http://localhost:3000/_next/static/chunks/node_modules_next_dist_f3530cac._.js:2297
