[      85ms] [ERROR] Failed to load resource: the server responded with a status of 500 (Internal Server Error) @ http://localhost:3000/:0
[     110ms] [INFO] %cDownload the React DevTools for a better development experience: https://react.dev/link/react-devtools font-weight:bold @ http://localhost:3000/_next/static/chunks/node_modules_next_dist_f3530cac._.js:2297
[     127ms] [LOG] [HMR] connected @ http://localhost:3000/_next/static/chunks/node_modules_next_dist_f3530cac._.js:2297
[     180ms] Error: Attempted to call buttonVariants() from the server but buttonVariants is on the client. It's not possible to invoke a client function from the server, it can only be rendered as a Component or passed to props of a Client Component.
    at TopNav (about://React/Server/file:///Users/connorrobinson/Documents/repos/uni-verse-app/packages/web/.next/dev/server/chunks/ssr/%5Broot-of-the-server%5D__c1a014f1._.js?14:320:366)
    at resolveErrorDev (http://localhost:3000/_next/static/chunks/node_modules_next_dist_compiled_react-server-dom-turbopack_9212ccad._.js:1894:148)
    at processFullStringRow (http://localhost:3000/_next/static/chunks/node_modules_next_dist_compiled_react-server-dom-turbopack_9212ccad._.js:2402:29)
    at processFullBinaryRow (http://localhost:3000/_next/static/chunks/node_modules_next_dist_compiled_react-server-dom-turbopack_9212ccad._.js:2361:9)
    at processBinaryChunk (http://localhost:3000/_next/static/chunks/node_modules_next_dist_compiled_react-server-dom-turbopack_9212ccad._.js:2470:221)
    at progress (http://localhost:3000/_next/static/chunks/node_modules_next_dist_compiled_react-server-dom-turbopack_9212ccad._.js:2640:13)
[     153ms] [ERROR] Failed to load resource: the server responded with a status of 404 (Not Found) @ http://localhost:3000/favicon.ico:0
[    3158ms] [WARNING] The resource http://localhost:3000/_next/static/chunks/%5Broot-of-the-server%5D__55f2257f._.css was preloaded using link preload but not used within a few seconds from the window's load event. Please make sure it has an appropriate `as` value and it is preloaded intentionally. @ http://localhost:3000/:0
[   16637ms] [LOG] [Fast Refresh] rebuilding @ http://localhost:3000/_next/static/chunks/node_modules_next_dist_f3530cac._.js:2297
[   16680ms] [LOG] [Fast Refresh] done in 25ms @ http://localhost:3000/_next/static/chunks/node_modules_next_dist_f3530cac._.js:2297
[   16787ms] [INFO] %cDownload the React DevTools for a better development experience: https://react.dev/link/react-devtools font-weight:bold @ http://localhost:3000/_next/static/chunks/node_modules_next_dist_f3530cac._.js:2297
[   16797ms] [LOG] [HMR] connected @ http://localhost:3000/_next/static/chunks/node_modules_next_dist_f3530cac._.js:2297
[   16815ms] [ERROR] Base UI: A component that acts as a button expected a native <button> because the `nativeButton` prop is true. Rendering a non-<button> removes native button semantics, which can impact forms and accessibility. Use a real <button> in the `render` prop, or set `nativeButton` to `false`.
    at Button (http://localhost:3000/_next/static/chunks/packages_web_src_14f30fc3._.js:104:214)
    at TopNav (about://React/Server/file:///Users/connorrobinson/Documents/repos/uni-verse-app/packages/web/.next/dev/server/chunks/ssr/%5Broot-of-the-server%5D__c1a014f1._.js?31:319:284)
    at Home (about://React/Server/file:///Users/connorrobinson/Documents/repos/uni-verse-app/packages/web/.next/dev/server/chunks/ssr/%5Broot-of-the-server%5D__c1a014f1._.js?11:417:264) @ http://localhost:3000/_next/static/chunks/node_modules_next_dist_f3530cac._.js:3127
[   16815ms] [ERROR] Base UI: A component that acts as a button expected a native <button> because the `nativeButton` prop is true. Rendering a non-<button> removes native button semantics, which can impact forms and accessibility. Use a real <button> in the `render` prop, or set `nativeButton` to `false`.
    at Button (http://localhost:3000/_next/static/chunks/packages_web_src_14f30fc3._.js:104:214)
    at TopNav (about://React/Server/file:///Users/connorrobinson/Documents/repos/uni-verse-app/packages/web/.next/dev/server/chunks/ssr/%5Broot-of-the-server%5D__c1a014f1._.js?32:336:284)
    at Home (about://React/Server/file:///Users/connorrobinson/Documents/repos/uni-verse-app/packages/web/.next/dev/server/chunks/ssr/%5Broot-of-the-server%5D__c1a014f1._.js?11:417:264) @ http://localhost:3000/_next/static/chunks/node_modules_next_dist_f3530cac._.js:3127
